[2026-09-21 10:51:37] [Render thread/INFO] [CustomSkinLoader Core]: CustomSkinLoader 15.0.1
[2026-09-21 10:51:37] [Render thread/INFO] [CustomSkinLoader Core]: DataDir: D:\Downloads\PBlossom-梨花与落客户端\.minecraft\versions\26.1.2-Fabric 0.19.5\CustomSkinLoader
[2026-09-21 10:51:37] [Render thread/INFO] [CustomSkinLoader Core]: Operating System: Windows 10 (amd64) version 10.0
[2026-09-21 10:51:37] [Render thread/INFO] [CustomSkinLoader Core]: Java Version: 25.0.1, Microsoft
[2026-09-21 10:51:37] [Render thread/INFO] [CustomSkinLoader Core]: Java VM Version: OpenJDK 64-Bit Server VM (mixed mode), Microsoft
[2026-09-21 10:51:37] [Render thread/INFO] [CustomSkinLoader Core]: Minecraft: 26.1.2
[2026-09-21 10:51:37] [Render thread/INFO] [CustomSkinLoader Core]: Config File: D:\Downloads\PBlossom-梨花与落客户端\.minecraft\versions\26.1.2-Fabric 0.19.5\CustomSkinLoader\CustomSkinLoader.json
[2026-09-21 10:51:37] [Render thread/INFO] [CustomSkinLoader Core]: Try to load config.
[2026-09-21 10:51:37] [Render thread/INFO] [CustomSkinLoader Core]: Successfully load config.
[2026-09-21 10:51:37] [Render thread/INFO] [CustomSkinLoader Core]: Add a profile loader: GameProfile
[2026-09-21 10:51:37] [Render thread/INFO] [CustomSkinLoader Core]: Add a profile loader: MojangAPI
[2026-09-21 10:51:37] [Render thread/INFO] [CustomSkinLoader Core]: Add a profile loader: Legacy
[2026-09-21 10:51:37] [Render thread/INFO] [CustomSkinLoader Core]: Add a profile loader: CustomSkinAPI
[2026-09-21 10:51:37] [Render thread/INFO] [CustomSkinLoader Core]: Add a profile loader: CustomSkinAPIPlus
[2026-09-21 10:51:37] [Render thread/INFO] [CustomSkinLoader Core]: Add a profile loader: UniSkinAPI
[2026-09-21 10:51:37] [Render thread/INFO] [CustomSkinLoader Core]: Add a profile loader: ElyByAPI
[2026-09-21 10:51:37] [Render thread/INFO] [CustomSkinLoader Core]: Add a profile loader: MinecraftCapesAPI
[2026-09-21 10:51:37] [Render thread/INFO] [CustomSkinLoader Core]: Add a profile loader: WynntilsAPI
[2026-09-21 10:51:37] [Render thread/INFO] [CustomSkinLoader Core]: Config File is out of date: 14.28, build number: 38
[2026-09-21 10:51:37] [Render thread/INFO] [CustomSkinLoader Core]: Successfully update config.
[2026-09-21 10:51:37] [Render thread/INFO] [CustomSkinLoader Core]: version : 15.0.1
[2026-09-21 10:51:37] [Render thread/INFO] [CustomSkinLoader Core]: buildNumber : 40
[2026-09-21 10:51:37] [Render thread/INFO] [CustomSkinLoader Core]: loadlist : [{ "name": "LittleSkin", "type": "CustomSkinAPI", "root": "https://littleskin.cn/csl/" }, { "name": "GameProfile", "type": "GameProfile" }, { "name": "Mojang", "type": "MojangAPI", "apiRoot": "https://api.mojang.com/", "sessionRoot": "https://sessionserver.mojang.com/" }, { "name": "BlessingSkin", "type": "CustomSkinAPI", "root": "https://skin.prinzeugen.net/" }, { "name": "ElyBy", "type": "ElyByAPI", "root": "http://skinsystem.ely.by/textures/" }, { "name": "SkinMe", "type": "UniSkinAPI", "root": "http://www.skinme.cc/uniskin/" }, { "name": "TLauncher", "type": "ElyByAPI", "root": "https://auth.tlauncher.org/skin/profile/texture/login/" }, { "name": "GlitchlessGames", "type": "ElyByAPI", "root": "https://games.glitchless.ru/api/minecraft/users/profiles/textures/?nickname=" }, { "name": "LocalSkin", "type": "Legacy", "checkPNG": "false", "skin": "LocalSkin/skins/{USERNAME}.png", "model": "auto", "cape": "LocalSkin/capes/{USERNAME}.png", "elytra": "LocalSkin/elytras/{USERNAME}.png" }, { "name": "MinecraftCapes", "type": "MinecraftCapesAPI", "root": "https://api.minecraftcapes.net/profile/" }, { "name": "OptiFine", "type": "Legacy", "checkPNG": "false", "model": "auto", "cape": "https://optifine.net/capes/{USERNAME}.png" }, { "name": "Wynntils", "type": "WynntilsAPI", "root": "https://athena.wynntils.com/user/getInfo" }, { "name": "CloakPlus", "type": "Legacy", "checkPNG": "false", "model": "auto", "cape": "http://161.35.130.99/capes/{USERNAME}.png" }, { "name": "Cosmetica", "type": "Legacy", "checkPNG": "false", "model": "auto", "cape": "https://api.cosmetica.cc/get/cloak?username={USERNAME}&uuid={STANDARD_UUID}&nothirdparty" }]
[2026-09-21 10:51:37] [Render thread/INFO] [CustomSkinLoader Core]: enableTransparentSkin : true
[2026-09-21 10:51:37] [Render thread/INFO] [CustomSkinLoader Core]: forceLoadAllTextures : true
[2026-09-21 10:51:37] [Render thread/INFO] [CustomSkinLoader Core]: enableCape : true
[2026-09-21 10:51:37] [Render thread/INFO] [CustomSkinLoader Core]: threadPoolSize : 8
[2026-09-21 10:51:37] [Render thread/INFO] [CustomSkinLoader Core]: enableLogStdOut : false
[2026-09-21 10:51:37] [Render thread/INFO] [CustomSkinLoader Core]: cacheExpiry : 30
[2026-09-21 10:51:37] [Render thread/INFO] [CustomSkinLoader Core]: forceUpdateSkull : false
[2026-09-21 10:51:37] [Render thread/INFO] [CustomSkinLoader Core]: enableLocalProfileCache : false
[2026-09-21 10:51:37] [Render thread/INFO] [CustomSkinLoader Core]: enableCacheAutoClean : false
[2026-09-21 10:51:37] [Render thread/INFO] [CustomSkinLoader Core]: forceDisableCache : false
[2026-09-21 10:51:37] [CiYuanJiuJiu <47d6cdd9-e0c9-39e2-ba1e-dcf8608d77e4>/INFO] [CustomSkinLoader Core]: Loading CiYuanJiuJiu's profile.
[2026-09-21 10:51:37] [CiYuanJiuJiu <47d6cdd9-e0c9-39e2-ba1e-dcf8608d77e4>/INFO] [CustomSkinLoader Core]: 1/14 Try to load profile from 'LittleSkin'.
[2026-09-21 10:51:37] [CiYuanJiuJiu <47d6cdd9-e0c9-39e2-ba1e-dcf8608d77e4>/INFO] [CustomSkinLoader Core]: 2/14 Try to load profile from 'GameProfile'.
[2026-09-21 10:51:37] [CiYuanJiuJiu <47d6cdd9-e0c9-39e2-ba1e-dcf8608d77e4>/INFO] [CustomSkinLoader Core]: 3/14 Try to load profile from 'Mojang'.
[2026-09-21 10:51:37] [CiYuanJiuJiu <47d6cdd9-e0c9-39e2-ba1e-dcf8608d77e4>/INFO] [CustomSkinLoader Core]: 4/14 Try to load profile from 'BlessingSkin'.
[2026-09-21 10:51:37] [CiYuanJiuJiu <47d6cdd9-e0c9-39e2-ba1e-dcf8608d77e4>/INFO] [CustomSkinLoader Core]: 5/14 Try to load profile from 'ElyBy'.
[2026-09-21 10:51:37] [CiYuanJiuJiu <47d6cdd9-e0c9-39e2-ba1e-dcf8608d77e4>/INFO] [CustomSkinLoader Core]: 6/14 Try to load profile from 'SkinMe'.
[2026-09-21 10:51:37] [CiYuanJiuJiu <47d6cdd9-e0c9-39e2-ba1e-dcf8608d77e4>/INFO] [CustomSkinLoader Core]: 7/14 Try to load profile from 'TLauncher'.
[2026-09-21 10:51:37] [CiYuanJiuJiu <47d6cdd9-e0c9-39e2-ba1e-dcf8608d77e4>/INFO] [CustomSkinLoader Core]: 8/14 Try to load profile from 'GlitchlessGames'.
[2026-09-21 10:51:37] [CiYuanJiuJiu <47d6cdd9-e0c9-39e2-ba1e-dcf8608d77e4>/INFO] [CustomSkinLoader Core]: 9/14 Try to load profile from 'LocalSkin'.
[2026-09-21 10:51:37] [CiYuanJiuJiu <47d6cdd9-e0c9-39e2-ba1e-dcf8608d77e4>/INFO] [CustomSkinLoader Core]: 10/14 Try to load profile from 'MinecraftCapes'.
[2026-09-21 10:51:37] [CiYuanJiuJiu <47d6cdd9-e0c9-39e2-ba1e-dcf8608d77e4>/INFO] [CustomSkinLoader Core]: 11/14 Try to load profile from 'OptiFine'.
[2026-09-21 10:51:37] [CiYuanJiuJiu <47d6cdd9-e0c9-39e2-ba1e-dcf8608d77e4>/INFO] [CustomSkinLoader Core]: 12/14 Try to load profile from 'Wynntils'.
[2026-09-21 10:51:37] [CiYuanJiuJiu <47d6cdd9-e0c9-39e2-ba1e-dcf8608d77e4>/INFO] [CustomSkinLoader Core]: 13/14 Try to load profile from 'CloakPlus'.
[2026-09-21 10:51:37] [CiYuanJiuJiu <47d6cdd9-e0c9-39e2-ba1e-dcf8608d77e4>/INFO] [CustomSkinLoader Core]: 14/14 Try to load profile from 'Cosmetica'.
[2026-09-21 10:51:37] [CiYuanJiuJiu <47d6cdd9-e0c9-39e2-ba1e-dcf8608d77e4> (LittleSkin)/DEBUG] [CustomSkinLoader Core]: Try to request 'https://littleskin.cn/csl/CiYuanJiuJiu.json'.
[2026-09-21 10:51:37] [CiYuanJiuJiu <47d6cdd9-e0c9-39e2-ba1e-dcf8608d77e4> (GameProfile)/INFO] [CustomSkinLoader Core]: Profile not found.
[2026-09-21 10:51:37] [CiYuanJiuJiu <47d6cdd9-e0c9-39e2-ba1e-dcf8608d77e4> (Mojang)/DEBUG] [CustomSkinLoader Core]: Try to request 'https://api.mojang.com/profiles/minecraft'.
[2026-09-21 10:51:37] [CiYuanJiuJiu <47d6cdd9-e0c9-39e2-ba1e-dcf8608d77e4> (Mojang)/INFO] [CustomSkinLoader Core]: Payload: ["CiYuanJiuJiu"]
[2026-09-21 10:51:37] [CiYuanJiuJiu <47d6cdd9-e0c9-39e2-ba1e-dcf8608d77e4> (BlessingSkin)/DEBUG] [CustomSkinLoader Core]: Try to request 'https://skin.prinzeugen.net/CiYuanJiuJiu.json'.
[2026-09-21 10:51:37] [CiYuanJiuJiu <47d6cdd9-e0c9-39e2-ba1e-dcf8608d77e4> (ElyBy)/DEBUG] [CustomSkinLoader Core]: Try to request 'http://skinsystem.ely.by/textures/CiYuanJiuJiu'.
[2026-09-21 10:51:37] [CiYuanJiuJiu <47d6cdd9-e0c9-39e2-ba1e-dcf8608d77e4> (SkinMe)/DEBUG] [CustomSkinLoader Core]: Try to request 'http://www.skinme.cc/uniskin/CiYuanJiuJiu.json'.
[2026-09-21 10:51:37] [CiYuanJiuJiu <47d6cdd9-e0c9-39e2-ba1e-dcf8608d77e4> (TLauncher)/DEBUG] [CustomSkinLoader Core]: Try to request 'https://auth.tlauncher.org/skin/profile/texture/login/CiYuanJiuJiu'.
[2026-09-21 10:51:37] [CiYuanJiuJiu <47d6cdd9-e0c9-39e2-ba1e-dcf8608d77e4> (GlitchlessGames)/DEBUG] [CustomSkinLoader Core]: Try to request 'https://games.glitchless.ru/api/minecraft/users/profiles/textures/?nickname=CiYuanJiuJiu'.
[2026-09-21 10:51:37] [CiYuanJiuJiu <47d6cdd9-e0c9-39e2-ba1e-dcf8608d77e4> (OptiFine)/DEBUG] [CustomSkinLoader Core]: Try to request 'https://optifine.net/capes/CiYuanJiuJiu.png'.
[2026-09-21 10:51:37] [CiYuanJiuJiu <47d6cdd9-e0c9-39e2-ba1e-dcf8608d77e4> (LocalSkin)/INFO] [CustomSkinLoader Core]: No texture could be found.
[2026-09-21 10:51:37] [CiYuanJiuJiu <47d6cdd9-e0c9-39e2-ba1e-dcf8608d77e4> (SkinMe)/DEBUG] [CustomSkinLoader Core]: Failed to request http://www.skinme.cc/uniskin/CiYuanJiuJiu.json (Exception: java.net.UnknownHostException: www.skinme.cc)
[2026-09-21 10:51:37] [CiYuanJiuJiu <47d6cdd9-e0c9-39e2-ba1e-dcf8608d77e4> (CloakPlus)/DEBUG] [CustomSkinLoader Core]: Try to request 'http://161.35.130.99/capes/CiYuanJiuJiu.png'.
[2026-09-21 10:51:37] [CiYuanJiuJiu <47d6cdd9-e0c9-39e2-ba1e-dcf8608d77e4> (SkinMe)/INFO] [CustomSkinLoader Core]: Profile not found.
[2026-09-21 10:51:37] [CiYuanJiuJiu <47d6cdd9-e0c9-39e2-ba1e-dcf8608d77e4> (Mojang)/DEBUG] [CustomSkinLoader Core]: Failed to request https://api.mojang.com/profiles/minecraft (Exception: javax.net.ssl.SSLHandshakeException: (certificate_unknown) PKIX path building failed: sun.security.provider.certpath.SunCertPathBuilderException: unable to find valid certification path to requested target)
[2026-09-21 10:51:37] [CiYuanJiuJiu <47d6cdd9-e0c9-39e2-ba1e-dcf8608d77e4> (Mojang)/INFO] [CustomSkinLoader Core]: Profile not found.(CiYuanJiuJiu's profile not found.)
[2026-09-21 10:51:37] [CiYuanJiuJiu <47d6cdd9-e0c9-39e2-ba1e-dcf8608d77e4> (MinecraftCapes)/DEBUG] [CustomSkinLoader Core]: Try to request 'https://api.mojang.com/profiles/minecraft'.
[2026-09-21 10:51:37] [CiYuanJiuJiu <47d6cdd9-e0c9-39e2-ba1e-dcf8608d77e4> (MinecraftCapes)/INFO] [CustomSkinLoader Core]: Payload: ["CiYuanJiuJiu"]
[2026-09-21 10:51:37] [CiYuanJiuJiu <47d6cdd9-e0c9-39e2-ba1e-dcf8608d77e4> (MinecraftCapes)/DEBUG] [CustomSkinLoader Core]: Failed to request https://api.mojang.com/profiles/minecraft (Exception: javax.net.ssl.SSLHandshakeException: (certificate_unknown) PKIX path building failed: sun.security.provider.certpath.SunCertPathBuilderException: unable to find valid certification path to requested target)
[2026-09-21 10:51:37] [CiYuanJiuJiu <47d6cdd9-e0c9-39e2-ba1e-dcf8608d77e4> (MinecraftCapes)/INFO] [CustomSkinLoader Core]: Profile url not found.
[2026-09-21 10:51:37] [CiYuanJiuJiu <47d6cdd9-e0c9-39e2-ba1e-dcf8608d77e4> (Wynntils)/DEBUG] [CustomSkinLoader Core]: Try to request 'https://api.mojang.com/profiles/minecraft'.
[2026-09-21 10:51:37] [CiYuanJiuJiu <47d6cdd9-e0c9-39e2-ba1e-dcf8608d77e4> (Wynntils)/INFO] [CustomSkinLoader Core]: Payload: ["CiYuanJiuJiu"]
[2026-09-21 10:51:37] [CiYuanJiuJiu <47d6cdd9-e0c9-39e2-ba1e-dcf8608d77e4> (Wynntils)/DEBUG] [CustomSkinLoader Core]: Failed to request https://api.mojang.com/profiles/minecraft (Exception: javax.net.ssl.SSLHandshakeException: (certificate_unknown) PKIX path building failed: sun.security.provider.certpath.SunCertPathBuilderException: unable to find valid certification path to requested target)
[2026-09-21 10:51:37] [CiYuanJiuJiu <47d6cdd9-e0c9-39e2-ba1e-dcf8608d77e4> (Wynntils)/INFO] [CustomSkinLoader Core]: Profile not found.
[2026-09-21 10:51:37] [CiYuanJiuJiu <47d6cdd9-e0c9-39e2-ba1e-dcf8608d77e4> (Cosmetica)/DEBUG] [CustomSkinLoader Core]: Try to request 'https://api.mojang.com/profiles/minecraft'.
[2026-09-21 10:51:37] [CiYuanJiuJiu <47d6cdd9-e0c9-39e2-ba1e-dcf8608d77e4> (Cosmetica)/INFO] [CustomSkinLoader Core]: Payload: ["CiYuanJiuJiu"]
[2026-09-21 10:51:37] [CiYuanJiuJiu <47d6cdd9-e0c9-39e2-ba1e-dcf8608d77e4> (Cosmetica)/DEBUG] [CustomSkinLoader Core]: Failed to request https://api.mojang.com/profiles/minecraft (Exception: javax.net.ssl.SSLHandshakeException: (certificate_unknown) PKIX path building failed: sun.security.provider.certpath.SunCertPathBuilderException: unable to find valid certification path to requested target)
[2026-09-21 10:51:37] [CiYuanJiuJiu <47d6cdd9-e0c9-39e2-ba1e-dcf8608d77e4> (Cosmetica)/INFO] [CustomSkinLoader Core]: No texture could be found.
[2026-09-21 10:51:37] [CiYuanJiuJiu <47d6cdd9-e0c9-39e2-ba1e-dcf8608d77e4> (LittleSkin)/DEBUG] [CustomSkinLoader Core]: Successfully request (Response Code: 200 , Content Length: 185)
[2026-09-21 10:51:37] [CiYuanJiuJiu <47d6cdd9-e0c9-39e2-ba1e-dcf8608d77e4> (LittleSkin)/DEBUG] [CustomSkinLoader Core]: Saved to cache (Length: 185 , Path: 'D:\Downloads\PBlossom-梨花与落客户端\.minecraft\versions\26.1.2-Fabric 0.19.5\CustomSkinLoader\caches\d2e48fc0e7ee2c5e109f3574e6958837cd0b97f4' , Expire: 1789959190)
[2026-09-21 10:51:37] [CiYuanJiuJiu <47d6cdd9-e0c9-39e2-ba1e-dcf8608d77e4> (LittleSkin)/DEBUG] [CustomSkinLoader Core]: Content: {"username":"CiYuanJiuJiu","skins":{"slim":"adb437a69a12ec6e6406bede7b81c6d37fcc18452b955f09e5ba27698da9f481"},"cape":"b562fb3b25be80f78a902eb33a1e020525a07c673c3e7e6b8cf716b1e4bc60ea"}
[2026-09-21 10:51:37] [CiYuanJiuJiu <47d6cdd9-e0c9-39e2-ba1e-dcf8608d77e4>/INFO] [CustomSkinLoader Core]: CiYuanJiuJiu's profile loaded. (191ms)
[2026-09-21 10:51:37] [CiYuanJiuJiu <47d6cdd9-e0c9-39e2-ba1e-dcf8608d77e4>/INFO] [CustomSkinLoader Core]: (SkinUrl: https://littleskin.cn/csl/textures/adb437a69a12ec6e6406bede7b81c6d37fcc18452b955f09e5ba27698da9f481 , Model: slim , CapeUrl: https://littleskin.cn/csl/textures/b562fb3b25be80f78a902eb33a1e020525a07c673c3e7e6b8cf716b1e4bc60ea  , Expiry: 1789959127)
[2026-09-21 10:51:37] [CiYuanJiuJiu <47d6cdd9-e0c9-39e2-ba1e-dcf8608d77e4> (ElyBy)/DEBUG] [CustomSkinLoader Core]: Successfully request (Response Code: 204 , Content Length: -1)
[2026-09-21 10:51:37] [CiYuanJiuJiu <47d6cdd9-e0c9-39e2-ba1e-dcf8608d77e4> (ElyBy)/DEBUG] [CustomSkinLoader Core]: Saved to cache (Length: 0 , Path: 'D:\Downloads\PBlossom-梨花与落客户端\.minecraft\versions\26.1.2-Fabric 0.19.5\CustomSkinLoader\caches\838614a2f31b5f10a140f0e723f187fbb58d0475' , Expire: 1789962700)
[2026-09-21 10:51:37] [CiYuanJiuJiu <47d6cdd9-e0c9-39e2-ba1e-dcf8608d77e4> (ElyBy)/DEBUG] [CustomSkinLoader Core]: Content: 
[2026-09-21 10:51:37] [CiYuanJiuJiu <47d6cdd9-e0c9-39e2-ba1e-dcf8608d77e4> (ElyBy)/INFO] [CustomSkinLoader Core]: Profile not found.
[2026-09-21 10:51:37] [CiYuanJiuJiu <47d6cdd9-e0c9-39e2-ba1e-dcf8608d77e4> (CloakPlus)/DEBUG] [CustomSkinLoader Core]: Failed to request (Response Code: 502)
[2026-09-21 10:51:37] [CiYuanJiuJiu <47d6cdd9-e0c9-39e2-ba1e-dcf8608d77e4> (CloakPlus)/INFO] [CustomSkinLoader Core]: No texture could be found.
[2026-09-21 10:51:37] [CiYuanJiuJiu <47d6cdd9-e0c9-39e2-ba1e-dcf8608d77e4> (GlitchlessGames)/DEBUG] [CustomSkinLoader Core]: Failed to request (Response Code: 404)
[2026-09-21 10:51:37] [CiYuanJiuJiu <47d6cdd9-e0c9-39e2-ba1e-dcf8608d77e4> (GlitchlessGames)/INFO] [CustomSkinLoader Core]: Profile not found.
[2026-09-21 10:51:37] [CiYuanJiuJiu <47d6cdd9-e0c9-39e2-ba1e-dcf8608d77e4> (TLauncher)/DEBUG] [CustomSkinLoader Core]: Successfully request (Response Code: 200 , Content Length: -1)
[2026-09-21 10:51:37] [CiYuanJiuJiu <47d6cdd9-e0c9-39e2-ba1e-dcf8608d77e4> (TLauncher)/DEBUG] [CustomSkinLoader Core]: Saved to cache (Length: 2 , Path: 'D:\Downloads\PBlossom-梨花与落客户端\.minecraft\versions\26.1.2-Fabric 0.19.5\CustomSkinLoader\caches\3217626a9f3be6e496ff696930a47bef06b4684a' , Expire: 1789959190)
[2026-09-21 10:51:37] [CiYuanJiuJiu <47d6cdd9-e0c9-39e2-ba1e-dcf8608d77e4> (TLauncher)/DEBUG] [CustomSkinLoader Core]: Content: {}
[2026-09-21 10:51:37] [CiYuanJiuJiu <47d6cdd9-e0c9-39e2-ba1e-dcf8608d77e4> (TLauncher)/INFO] [CustomSkinLoader Core]: Both skin and cape not found.
[2026-09-21 10:51:38] [CiYuanJiuJiu <47d6cdd9-e0c9-39e2-ba1e-dcf8608d77e4> (OptiFine)/DEBUG] [CustomSkinLoader Core]: Failed to request (Response Code: 404)
[2026-09-21 10:51:38] [CiYuanJiuJiu <47d6cdd9-e0c9-39e2-ba1e-dcf8608d77e4> (OptiFine)/INFO] [CustomSkinLoader Core]: No texture could be found.
[2026-09-21 10:51:39] [CiYuanJiuJiu <47d6cdd9-e0c9-39e2-ba1e-dcf8608d77e4> (BlessingSkin)/DEBUG] [CustomSkinLoader Core]: Failed to request (Response Code: 404)
[2026-09-21 10:51:39] [CiYuanJiuJiu <47d6cdd9-e0c9-39e2-ba1e-dcf8608d77e4> (BlessingSkin)/INFO] [CustomSkinLoader Core]: Profile not found.
[2026-09-21 10:51:42] [UsBel <94b8426d-5796-3361-9d92-8bf997099d92>/INFO] [CustomSkinLoader Core]: Loading UsBel's profile.
[2026-09-21 10:51:42] [UsBel <94b8426d-5796-3361-9d92-8bf997099d92>/INFO] [CustomSkinLoader Core]: 1/14 Try to load profile from 'LittleSkin'.
[2026-09-21 10:51:42] [UsBel <94b8426d-5796-3361-9d92-8bf997099d92>/INFO] [CustomSkinLoader Core]: 2/14 Try to load profile from 'GameProfile'.
[2026-09-21 10:51:42] [UsBel <94b8426d-5796-3361-9d92-8bf997099d92>/INFO] [CustomSkinLoader Core]: 3/14 Try to load profile from 'Mojang'.
[2026-09-21 10:51:42] [UsBel <94b8426d-5796-3361-9d92-8bf997099d92>/INFO] [CustomSkinLoader Core]: 4/14 Try to load profile from 'BlessingSkin'.
[2026-09-21 10:51:42] [UsBel <94b8426d-5796-3361-9d92-8bf997099d92> (LittleSkin)/DEBUG] [CustomSkinLoader Core]: Try to request 'https://littleskin.cn/csl/UsBel.json'.
[2026-09-21 10:51:42] [UsBel <94b8426d-5796-3361-9d92-8bf997099d92> (GameProfile)/INFO] [CustomSkinLoader Core]: Profile not found.
[2026-09-21 10:51:42] [UsBel <94b8426d-5796-3361-9d92-8bf997099d92> (BlessingSkin)/DEBUG] [CustomSkinLoader Core]: Try to request 'https://skin.prinzeugen.net/UsBel.json'.
[2026-09-21 10:51:42] [UsBel <94b8426d-5796-3361-9d92-8bf997099d92> (Mojang)/DEBUG] [CustomSkinLoader Core]: Try to request 'https://api.mojang.com/profiles/minecraft'.
[2026-09-21 10:51:42] [UsBel <94b8426d-5796-3361-9d92-8bf997099d92> (Mojang)/INFO] [CustomSkinLoader Core]: Payload: ["UsBel"]
[2026-09-21 10:51:42] [UsBel <94b8426d-5796-3361-9d92-8bf997099d92>/INFO] [CustomSkinLoader Core]: 5/14 Try to load profile from 'ElyBy'.
[2026-09-21 10:51:42] [UsBel <94b8426d-5796-3361-9d92-8bf997099d92>/INFO] [CustomSkinLoader Core]: 6/14 Try to load profile from 'SkinMe'.
[2026-09-21 10:51:42] [UsBel <94b8426d-5796-3361-9d92-8bf997099d92>/INFO] [CustomSkinLoader Core]: 7/14 Try to load profile from 'TLauncher'.
[2026-09-21 10:51:42] [UsBel <94b8426d-5796-3361-9d92-8bf997099d92>/INFO] [CustomSkinLoader Core]: 8/14 Try to load profile from 'GlitchlessGames'.
[2026-09-21 10:51:42] [UsBel <94b8426d-5796-3361-9d92-8bf997099d92>/INFO] [CustomSkinLoader Core]: 9/14 Try to load profile from 'LocalSkin'.
[2026-09-21 10:51:42] [UsBel <94b8426d-5796-3361-9d92-8bf997099d92>/INFO] [CustomSkinLoader Core]: 10/14 Try to load profile from 'MinecraftCapes'.
[2026-09-21 10:51:42] [UsBel <94b8426d-5796-3361-9d92-8bf997099d92>/INFO] [CustomSkinLoader Core]: 11/14 Try to load profile from 'OptiFine'.
[2026-09-21 10:51:42] [UsBel <94b8426d-5796-3361-9d92-8bf997099d92>/INFO] [CustomSkinLoader Core]: 12/14 Try to load profile from 'Wynntils'.
[2026-09-21 10:51:42] [UsBel <94b8426d-5796-3361-9d92-8bf997099d92>/INFO] [CustomSkinLoader Core]: 13/14 Try to load profile from 'CloakPlus'.
[2026-09-21 10:51:42] [UsBel <94b8426d-5796-3361-9d92-8bf997099d92>/INFO] [CustomSkinLoader Core]: 14/14 Try to load profile from 'Cosmetica'.
[2026-09-21 10:51:42] [UsBel <94b8426d-5796-3361-9d92-8bf997099d92> (ElyBy)/DEBUG] [CustomSkinLoader Core]: Try to request 'http://skinsystem.ely.by/textures/UsBel'.
[2026-09-21 10:51:42] [UsBel <94b8426d-5796-3361-9d92-8bf997099d92> (SkinMe)/DEBUG] [CustomSkinLoader Core]: Try to request 'http://www.skinme.cc/uniskin/UsBel.json'.
[2026-09-21 10:51:42] [UsBel <94b8426d-5796-3361-9d92-8bf997099d92> (TLauncher)/DEBUG] [CustomSkinLoader Core]: Try to request 'https://auth.tlauncher.org/skin/profile/texture/login/UsBel'.
[2026-09-21 10:51:42] [UsBel <94b8426d-5796-3361-9d92-8bf997099d92> (GlitchlessGames)/DEBUG] [CustomSkinLoader Core]: Try to request 'https://games.glitchless.ru/api/minecraft/users/profiles/textures/?nickname=UsBel'.
[2026-09-21 10:51:42] [UsBel <94b8426d-5796-3361-9d92-8bf997099d92> (LocalSkin)/INFO] [CustomSkinLoader Core]: No texture could be found.
[2026-09-21 10:51:42] [UsBel <94b8426d-5796-3361-9d92-8bf997099d92> (OptiFine)/DEBUG] [CustomSkinLoader Core]: Try to request 'https://optifine.net/capes/UsBel.png'.
[2026-09-21 10:51:42] [UsBel <94b8426d-5796-3361-9d92-8bf997099d92> (SkinMe)/DEBUG] [CustomSkinLoader Core]: Failed to request http://www.skinme.cc/uniskin/UsBel.json (Exception: java.net.UnknownHostException: www.skinme.cc)
[2026-09-21 10:51:42] [UsBel <94b8426d-5796-3361-9d92-8bf997099d92> (SkinMe)/INFO] [CustomSkinLoader Core]: Profile not found.
[2026-09-21 10:51:42] [UsBel <94b8426d-5796-3361-9d92-8bf997099d92> (CloakPlus)/DEBUG] [CustomSkinLoader Core]: Try to request 'http://161.35.130.99/capes/UsBel.png'.
[2026-09-21 10:51:42] [UsBel <94b8426d-5796-3361-9d92-8bf997099d92> (ElyBy)/DEBUG] [CustomSkinLoader Core]: Cache file found (Length: 0 , Path: 'D:\Downloads\PBlossom-梨花与落客户端\.minecraft\versions\26.1.2-Fabric 0.19.5\CustomSkinLoader\caches\8f861852949f25d149bd90d50a4b56a52c9052c1' , Expire: 1789959333)
[2026-09-21 10:51:42] [UsBel <94b8426d-5796-3361-9d92-8bf997099d92> (ElyBy)/INFO] [CustomSkinLoader Core]: Try to load from cache 'D:\Downloads\PBlossom-梨花与落客户端\.minecraft\versions\26.1.2-Fabric 0.19.5\CustomSkinLoader\caches\8f861852949f25d149bd90d50a4b56a52c9052c1'.
[2026-09-21 10:51:42] [UsBel <94b8426d-5796-3361-9d92-8bf997099d92> (ElyBy)/DEBUG] [CustomSkinLoader Core]: Successfully load from cache
[2026-09-21 10:51:42] [UsBel <94b8426d-5796-3361-9d92-8bf997099d92> (ElyBy)/DEBUG] [CustomSkinLoader Core]: Content: 
[2026-09-21 10:51:42] [UsBel <94b8426d-5796-3361-9d92-8bf997099d92> (ElyBy)/INFO] [CustomSkinLoader Core]: Profile not found.
[2026-09-21 10:51:42] [UsBel <94b8426d-5796-3361-9d92-8bf997099d92> (Mojang)/DEBUG] [CustomSkinLoader Core]: Failed to request https://api.mojang.com/profiles/minecraft (Exception: javax.net.ssl.SSLHandshakeException: (certificate_unknown) PKIX path building failed: sun.security.provider.certpath.SunCertPathBuilderException: unable to find valid certification path to requested target)
[2026-09-21 10:51:42] [UsBel <94b8426d-5796-3361-9d92-8bf997099d92> (Mojang)/INFO] [CustomSkinLoader Core]: Profile not found.(UsBel's profile not found.)
[2026-09-21 10:51:42] [UsBel <94b8426d-5796-3361-9d92-8bf997099d92> (MinecraftCapes)/DEBUG] [CustomSkinLoader Core]: Try to request 'https://api.mojang.com/profiles/minecraft'.
[2026-09-21 10:51:42] [UsBel <94b8426d-5796-3361-9d92-8bf997099d92> (MinecraftCapes)/INFO] [CustomSkinLoader Core]: Payload: ["UsBel"]
[2026-09-21 10:51:42] [UsBel <94b8426d-5796-3361-9d92-8bf997099d92> (MinecraftCapes)/DEBUG] [CustomSkinLoader Core]: Failed to request https://api.mojang.com/profiles/minecraft (Exception: javax.net.ssl.SSLHandshakeException: (certificate_unknown) PKIX path building failed: sun.security.provider.certpath.SunCertPathBuilderException: unable to find valid certification path to requested target)
[2026-09-21 10:51:42] [UsBel <94b8426d-5796-3361-9d92-8bf997099d92> (MinecraftCapes)/INFO] [CustomSkinLoader Core]: Profile url not found.
[2026-09-21 10:51:42] [UsBel <94b8426d-5796-3361-9d92-8bf997099d92> (Wynntils)/DEBUG] [CustomSkinLoader Core]: Try to request 'https://api.mojang.com/profiles/minecraft'.
[2026-09-21 10:51:42] [UsBel <94b8426d-5796-3361-9d92-8bf997099d92> (Wynntils)/INFO] [CustomSkinLoader Core]: Payload: ["UsBel"]
[2026-09-21 10:51:42] [UsBel <94b8426d-5796-3361-9d92-8bf997099d92> (Wynntils)/DEBUG] [CustomSkinLoader Core]: Failed to request https://api.mojang.com/profiles/minecraft (Exception: javax.net.ssl.SSLHandshakeException: (certificate_unknown) PKIX path building failed: sun.security.provider.certpath.SunCertPathBuilderException: unable to find valid certification path to requested target)
[2026-09-21 10:51:42] [UsBel <94b8426d-5796-3361-9d92-8bf997099d92> (Wynntils)/INFO] [CustomSkinLoader Core]: Profile not found.
[2026-09-21 10:51:42] [UsBel <94b8426d-5796-3361-9d92-8bf997099d92> (Cosmetica)/DEBUG] [CustomSkinLoader Core]: Try to request 'https://api.mojang.com/profiles/minecraft'.
[2026-09-21 10:51:42] [UsBel <94b8426d-5796-3361-9d92-8bf997099d92> (Cosmetica)/INFO] [CustomSkinLoader Core]: Payload: ["UsBel"]
[2026-09-21 10:51:42] [UsBel <94b8426d-5796-3361-9d92-8bf997099d92> (Cosmetica)/DEBUG] [CustomSkinLoader Core]: Failed to request https://api.mojang.com/profiles/minecraft (Exception: javax.net.ssl.SSLHandshakeException: (certificate_unknown) PKIX path building failed: sun.security.provider.certpath.SunCertPathBuilderException: unable to find valid certification path to requested target)
[2026-09-21 10:51:42] [UsBel <94b8426d-5796-3361-9d92-8bf997099d92> (Cosmetica)/INFO] [CustomSkinLoader Core]: No texture could be found.
[2026-09-21 10:51:42] [UsBel <94b8426d-5796-3361-9d92-8bf997099d92> (LittleSkin)/DEBUG] [CustomSkinLoader Core]: Successfully request (Response Code: 200 , Content Length: 181)
[2026-09-21 10:51:42] [UsBel <94b8426d-5796-3361-9d92-8bf997099d92> (LittleSkin)/DEBUG] [CustomSkinLoader Core]: Saved to cache (Length: 181 , Path: 'D:\Downloads\PBlossom-梨花与落客户端\.minecraft\versions\26.1.2-Fabric 0.19.5\CustomSkinLoader\caches\5e99c7a6ebdb571db44cda3edb60149701a591ac' , Expire: 1789959194)
[2026-09-21 10:51:42] [UsBel <94b8426d-5796-3361-9d92-8bf997099d92> (LittleSkin)/DEBUG] [CustomSkinLoader Core]: Content: {"username":"UsBel","skins":{"default":"a3a7f348f114b24122e944c43d7d536ffdba07f50a186bbe99f51d6e37546e04"},"cape":"feddb1715ae799c9005d1e94771253a2539db67476a9be7a62c1a52a12194ddc"}
[2026-09-21 10:51:42] [UsBel <94b8426d-5796-3361-9d92-8bf997099d92>/INFO] [CustomSkinLoader Core]: UsBel's profile loaded. (118ms)
[2026-09-21 10:51:42] [UsBel <94b8426d-5796-3361-9d92-8bf997099d92>/INFO] [CustomSkinLoader Core]: (SkinUrl: https://littleskin.cn/csl/textures/a3a7f348f114b24122e944c43d7d536ffdba07f50a186bbe99f51d6e37546e04 , Model: default , CapeUrl: https://littleskin.cn/csl/textures/feddb1715ae799c9005d1e94771253a2539db67476a9be7a62c1a52a12194ddc  , Expiry: 1789959132)
[2026-09-21 10:51:42] [UsBel <94b8426d-5796-3361-9d92-8bf997099d92> (TLauncher)/DEBUG] [CustomSkinLoader Core]: Successfully request (Response Code: 200 , Content Length: -1)
[2026-09-21 10:51:42] [UsBel <94b8426d-5796-3361-9d92-8bf997099d92> (TLauncher)/DEBUG] [CustomSkinLoader Core]: Saved to cache (Length: 82 , Path: 'D:\Downloads\PBlossom-梨花与落客户端\.minecraft\versions\26.1.2-Fabric 0.19.5\CustomSkinLoader\caches\266420beef848f3fdda6daad1e2534e22901ac37' , Expire: 1789959194)
[2026-09-21 10:51:42] [UsBel <94b8426d-5796-3361-9d92-8bf997099d92> (TLauncher)/DEBUG] [CustomSkinLoader Core]: Content: {"SKIN":{"url":"http://auth.tlauncher.org/skin/fileservice/skins/skin_usbel.png"}}
[2026-09-21 10:51:42] [UsBel <94b8426d-5796-3361-9d92-8bf997099d92> (CloakPlus)/DEBUG] [CustomSkinLoader Core]: Failed to request (Response Code: 502)
[2026-09-21 10:51:42] [UsBel <94b8426d-5796-3361-9d92-8bf997099d92> (CloakPlus)/INFO] [CustomSkinLoader Core]: No texture could be found.
[2026-09-21 10:51:43] [UsBel <94b8426d-5796-3361-9d92-8bf997099d92> (GlitchlessGames)/DEBUG] [CustomSkinLoader Core]: Failed to request (Response Code: 404)
[2026-09-21 10:51:43] [UsBel <94b8426d-5796-3361-9d92-8bf997099d92> (GlitchlessGames)/INFO] [CustomSkinLoader Core]: Profile not found.
[2026-09-21 10:51:43] [UsBel <94b8426d-5796-3361-9d92-8bf997099d92> (BlessingSkin)/DEBUG] [CustomSkinLoader Core]: Failed to request (Response Code: 404)
[2026-09-21 10:51:43] [UsBel <94b8426d-5796-3361-9d92-8bf997099d92> (BlessingSkin)/INFO] [CustomSkinLoader Core]: Profile not found.
[2026-09-21 10:51:44] [meiiie <c2f8e66a-f984-3dc1-ab9f-549c97dc40cd>/INFO] [CustomSkinLoader Core]: Loading meiiie's profile.
[2026-09-21 10:51:44] [meiiie <c2f8e66a-f984-3dc1-ab9f-549c97dc40cd>/INFO] [CustomSkinLoader Core]: 1/14 Try to load profile from 'LittleSkin'.
[2026-09-21 10:51:44] [meiiie <c2f8e66a-f984-3dc1-ab9f-549c97dc40cd>/INFO] [CustomSkinLoader Core]: 2/14 Try to load profile from 'GameProfile'.
[2026-09-21 10:51:44] [meiiie <c2f8e66a-f984-3dc1-ab9f-549c97dc40cd>/INFO] [CustomSkinLoader Core]: 3/14 Try to load profile from 'Mojang'.
[2026-09-21 10:51:44] [meiiie <c2f8e66a-f984-3dc1-ab9f-549c97dc40cd>/INFO] [CustomSkinLoader Core]: 4/14 Try to load profile from 'BlessingSkin'.
[2026-09-21 10:51:44] [meiiie <c2f8e66a-f984-3dc1-ab9f-549c97dc40cd>/INFO] [CustomSkinLoader Core]: 5/14 Try to load profile from 'ElyBy'.
[2026-09-21 10:51:44] [meiiie <c2f8e66a-f984-3dc1-ab9f-549c97dc40cd>/INFO] [CustomSkinLoader Core]: 6/14 Try to load profile from 'SkinMe'.
[2026-09-21 10:51:44] [meiiie <c2f8e66a-f984-3dc1-ab9f-549c97dc40cd> (LittleSkin)/DEBUG] [CustomSkinLoader Core]: Try to request 'https://littleskin.cn/csl/meiiie.json'.
[2026-09-21 10:51:44] [meiiie <c2f8e66a-f984-3dc1-ab9f-549c97dc40cd>/INFO] [CustomSkinLoader Core]: 7/14 Try to load profile from 'TLauncher'.
[2026-09-21 10:51:44] [meiiie <c2f8e66a-f984-3dc1-ab9f-549c97dc40cd>/INFO] [CustomSkinLoader Core]: 8/14 Try to load profile from 'GlitchlessGames'.
[2026-09-21 10:51:44] [meiiie <c2f8e66a-f984-3dc1-ab9f-549c97dc40cd>/INFO] [CustomSkinLoader Core]: 9/14 Try to load profile from 'LocalSkin'.
[2026-09-21 10:51:44] [meiiie <c2f8e66a-f984-3dc1-ab9f-549c97dc40cd>/INFO] [CustomSkinLoader Core]: 10/14 Try to load profile from 'MinecraftCapes'.
[2026-09-21 10:51:44] [meiiie <c2f8e66a-f984-3dc1-ab9f-549c97dc40cd>/INFO] [CustomSkinLoader Core]: 11/14 Try to load profile from 'OptiFine'.
[2026-09-21 10:51:44] [meiiie <c2f8e66a-f984-3dc1-ab9f-549c97dc40cd>/INFO] [CustomSkinLoader Core]: 12/14 Try to load profile from 'Wynntils'.
[2026-09-21 10:51:44] [meiiie <c2f8e66a-f984-3dc1-ab9f-549c97dc40cd>/INFO] [CustomSkinLoader Core]: 13/14 Try to load profile from 'CloakPlus'.
[2026-09-21 10:51:44] [meiiie <c2f8e66a-f984-3dc1-ab9f-549c97dc40cd>/INFO] [CustomSkinLoader Core]: 14/14 Try to load profile from 'Cosmetica'.
[2026-09-21 10:51:44] [meiiie <c2f8e66a-f984-3dc1-ab9f-549c97dc40cd> (Mojang)/DEBUG] [CustomSkinLoader Core]: Try to request 'https://api.mojang.com/profiles/minecraft'.
[2026-09-21 10:51:44] [meiiie <c2f8e66a-f984-3dc1-ab9f-549c97dc40cd> (GameProfile)/INFO] [CustomSkinLoader Core]: Profile not found.
[2026-09-21 10:51:44] [meiiie <c2f8e66a-f984-3dc1-ab9f-549c97dc40cd> (BlessingSkin)/DEBUG] [CustomSkinLoader Core]: Try to request 'https://skin.prinzeugen.net/meiiie.json'.
[2026-09-21 10:51:44] [meiiie <c2f8e66a-f984-3dc1-ab9f-549c97dc40cd> (ElyBy)/DEBUG] [CustomSkinLoader Core]: Try to request 'http://skinsystem.ely.by/textures/meiiie'.
[2026-09-21 10:51:44] [meiiie <c2f8e66a-f984-3dc1-ab9f-549c97dc40cd> (Mojang)/INFO] [CustomSkinLoader Core]: Payload: ["meiiie"]
[2026-09-21 10:51:44] [meiiie <c2f8e66a-f984-3dc1-ab9f-549c97dc40cd> (TLauncher)/DEBUG] [CustomSkinLoader Core]: Try to request 'https://auth.tlauncher.org/skin/profile/texture/login/meiiie'.
[2026-09-21 10:51:44] [meiiie <c2f8e66a-f984-3dc1-ab9f-549c97dc40cd> (GlitchlessGames)/DEBUG] [CustomSkinLoader Core]: Try to request 'https://games.glitchless.ru/api/minecraft/users/profiles/textures/?nickname=meiiie'.
[2026-09-21 10:51:44] [meiiie <c2f8e66a-f984-3dc1-ab9f-549c97dc40cd> (OptiFine)/DEBUG] [CustomSkinLoader Core]: Try to request 'https://optifine.net/capes/meiiie.png'.
[2026-09-21 10:51:44] [meiiie <c2f8e66a-f984-3dc1-ab9f-549c97dc40cd> (CloakPlus)/DEBUG] [CustomSkinLoader Core]: Try to request 'http://161.35.130.99/capes/meiiie.png'.
[2026-09-21 10:51:44] [meiiie <c2f8e66a-f984-3dc1-ab9f-549c97dc40cd> (LocalSkin)/INFO] [CustomSkinLoader Core]: No texture could be found.
[2026-09-21 10:51:44] [meiiie <c2f8e66a-f984-3dc1-ab9f-549c97dc40cd> (SkinMe)/DEBUG] [CustomSkinLoader Core]: Try to request 'http://www.skinme.cc/uniskin/meiiie.json'.
[2026-09-21 10:51:44] [meiiie <c2f8e66a-f984-3dc1-ab9f-549c97dc40cd> (SkinMe)/DEBUG] [CustomSkinLoader Core]: Failed to request http://www.skinme.cc/uniskin/meiiie.json (Exception: java.net.UnknownHostException: www.skinme.cc)
[2026-09-21 10:51:44] [meiiie <c2f8e66a-f984-3dc1-ab9f-549c97dc40cd> (SkinMe)/INFO] [CustomSkinLoader Core]: Profile not found.
[2026-09-21 10:51:44] [meiiie <c2f8e66a-f984-3dc1-ab9f-549c97dc40cd> (Mojang)/DEBUG] [CustomSkinLoader Core]: Failed to request https://api.mojang.com/profiles/minecraft (Exception: javax.net.ssl.SSLHandshakeException: (certificate_unknown) PKIX path building failed: sun.security.provider.certpath.SunCertPathBuilderException: unable to find valid certification path to requested target)
[2026-09-21 10:51:44] [meiiie <c2f8e66a-f984-3dc1-ab9f-549c97dc40cd> (Mojang)/INFO] [CustomSkinLoader Core]: Profile not found.(meiiie's profile not found.)
[2026-09-21 10:51:44] [meiiie <c2f8e66a-f984-3dc1-ab9f-549c97dc40cd> (MinecraftCapes)/DEBUG] [CustomSkinLoader Core]: Try to request 'https://api.mojang.com/profiles/minecraft'.
[2026-09-21 10:51:44] [meiiie <c2f8e66a-f984-3dc1-ab9f-549c97dc40cd> (MinecraftCapes)/INFO] [CustomSkinLoader Core]: Payload: ["meiiie"]
[2026-09-21 10:51:44] [meiiie <c2f8e66a-f984-3dc1-ab9f-549c97dc40cd> (MinecraftCapes)/DEBUG] [CustomSkinLoader Core]: Failed to request https://api.mojang.com/profiles/minecraft (Exception: javax.net.ssl.SSLHandshakeException: (certificate_unknown) PKIX path building failed: sun.security.provider.certpath.SunCertPathBuilderException: unable to find valid certification path to requested target)
[2026-09-21 10:51:44] [meiiie <c2f8e66a-f984-3dc1-ab9f-549c97dc40cd> (MinecraftCapes)/INFO] [CustomSkinLoader Core]: Profile url not found.
[2026-09-21 10:51:44] [meiiie <c2f8e66a-f984-3dc1-ab9f-549c97dc40cd> (Wynntils)/DEBUG] [CustomSkinLoader Core]: Try to request 'https://api.mojang.com/profiles/minecraft'.
[2026-09-21 10:51:44] [meiiie <c2f8e66a-f984-3dc1-ab9f-549c97dc40cd> (Wynntils)/INFO] [CustomSkinLoader Core]: Payload: ["meiiie"]
[2026-09-21 10:51:44] [meiiie <c2f8e66a-f984-3dc1-ab9f-549c97dc40cd> (Wynntils)/DEBUG] [CustomSkinLoader Core]: Failed to request https://api.mojang.com/profiles/minecraft (Exception: javax.net.ssl.SSLHandshakeException: (certificate_unknown) PKIX path building failed: sun.security.provider.certpath.SunCertPathBuilderException: unable to find valid certification path to requested target)
[2026-09-21 10:51:44] [meiiie <c2f8e66a-f984-3dc1-ab9f-549c97dc40cd> (Wynntils)/INFO] [CustomSkinLoader Core]: Profile not found.
[2026-09-21 10:51:44] [meiiie <c2f8e66a-f984-3dc1-ab9f-549c97dc40cd> (Cosmetica)/DEBUG] [CustomSkinLoader Core]: Try to request 'https://api.mojang.com/profiles/minecraft'.
[2026-09-21 10:51:44] [meiiie <c2f8e66a-f984-3dc1-ab9f-549c97dc40cd> (Cosmetica)/INFO] [CustomSkinLoader Core]: Payload: ["meiiie"]
[2026-09-21 10:51:44] [manbi <1856d14a-e310-3b47-a895-212fc2bb1b50>/INFO] [CustomSkinLoader Core]: Loading manbi's profile.
[2026-09-21 10:51:44] [manbi <1856d14a-e310-3b47-a895-212fc2bb1b50>/INFO] [CustomSkinLoader Core]: 1/14 Try to load profile from 'LittleSkin'.
[2026-09-21 10:51:44] [manbi <1856d14a-e310-3b47-a895-212fc2bb1b50>/INFO] [CustomSkinLoader Core]: 2/14 Try to load profile from 'GameProfile'.
[2026-09-21 10:51:44] [manbi <1856d14a-e310-3b47-a895-212fc2bb1b50>/INFO] [CustomSkinLoader Core]: 3/14 Try to load profile from 'Mojang'.
[2026-09-21 10:51:44] [manbi <1856d14a-e310-3b47-a895-212fc2bb1b50> (LittleSkin)/DEBUG] [CustomSkinLoader Core]: Try to request 'https://littleskin.cn/csl/manbi.json'.
[2026-09-21 10:51:44] [manbi <1856d14a-e310-3b47-a895-212fc2bb1b50>/INFO] [CustomSkinLoader Core]: 4/14 Try to load profile from 'BlessingSkin'.
[2026-09-21 10:51:44] [manbi <1856d14a-e310-3b47-a895-212fc2bb1b50>/INFO] [CustomSkinLoader Core]: 5/14 Try to load profile from 'ElyBy'.
[2026-09-21 10:51:44] [manbi <1856d14a-e310-3b47-a895-212fc2bb1b50>/INFO] [CustomSkinLoader Core]: 6/14 Try to load profile from 'SkinMe'.
[2026-09-21 10:51:44] [manbi <1856d14a-e310-3b47-a895-212fc2bb1b50>/INFO] [CustomSkinLoader Core]: 7/14 Try to load profile from 'TLauncher'.
[2026-09-21 10:51:44] [manbi <1856d14a-e310-3b47-a895-212fc2bb1b50>/INFO] [CustomSkinLoader Core]: 8/14 Try to load profile from 'GlitchlessGames'.
[2026-09-21 10:51:44] [manbi <1856d14a-e310-3b47-a895-212fc2bb1b50>/INFO] [CustomSkinLoader Core]: 9/14 Try to load profile from 'LocalSkin'.
[2026-09-21 10:51:44] [manbi <1856d14a-e310-3b47-a895-212fc2bb1b50>/INFO] [CustomSkinLoader Core]: 10/14 Try to load profile from 'MinecraftCapes'.
[2026-09-21 10:51:44] [manbi <1856d14a-e310-3b47-a895-212fc2bb1b50>/INFO] [CustomSkinLoader Core]: 11/14 Try to load profile from 'OptiFine'.
[2026-09-21 10:51:44] [manbi <1856d14a-e310-3b47-a895-212fc2bb1b50>/INFO] [CustomSkinLoader Core]: 12/14 Try to load profile from 'Wynntils'.
[2026-09-21 10:51:44] [manbi <1856d14a-e310-3b47-a895-212fc2bb1b50>/INFO] [CustomSkinLoader Core]: 13/14 Try to load profile from 'CloakPlus'.
[2026-09-21 10:51:44] [manbi <1856d14a-e310-3b47-a895-212fc2bb1b50>/INFO] [CustomSkinLoader Core]: 14/14 Try to load profile from 'Cosmetica'.
[2026-09-21 10:51:44] [manbi <1856d14a-e310-3b47-a895-212fc2bb1b50> (GameProfile)/INFO] [CustomSkinLoader Core]: Profile not found.
[2026-09-21 10:51:44] [manbi <1856d14a-e310-3b47-a895-212fc2bb1b50> (ElyBy)/DEBUG] [CustomSkinLoader Core]: Try to request 'http://skinsystem.ely.by/textures/manbi'.
[2026-09-21 10:51:44] [manbi <1856d14a-e310-3b47-a895-212fc2bb1b50> (Mojang)/DEBUG] [CustomSkinLoader Core]: Try to request 'https://api.mojang.com/profiles/minecraft'.
[2026-09-21 10:51:44] [manbi <1856d14a-e310-3b47-a895-212fc2bb1b50> (BlessingSkin)/DEBUG] [CustomSkinLoader Core]: Try to request 'https://skin.prinzeugen.net/manbi.json'.
[2026-09-21 10:51:44] [manbi <1856d14a-e310-3b47-a895-212fc2bb1b50> (SkinMe)/DEBUG] [CustomSkinLoader Core]: Try to request 'http://www.skinme.cc/uniskin/manbi.json'.
[2026-09-21 10:51:44] [manbi <1856d14a-e310-3b47-a895-212fc2bb1b50> (GlitchlessGames)/DEBUG] [CustomSkinLoader Core]: Try to request 'https://games.glitchless.ru/api/minecraft/users/profiles/textures/?nickname=manbi'.
[2026-09-21 10:51:44] [manbi <1856d14a-e310-3b47-a895-212fc2bb1b50> (Mojang)/INFO] [CustomSkinLoader Core]: Payload: ["manbi"]
[2026-09-21 10:51:44] [manbi <1856d14a-e310-3b47-a895-212fc2bb1b50> (LocalSkin)/INFO] [CustomSkinLoader Core]: No texture could be found.
[2026-09-21 10:51:44] [manbi <1856d14a-e310-3b47-a895-212fc2bb1b50> (OptiFine)/DEBUG] [CustomSkinLoader Core]: Try to request 'https://optifine.net/capes/manbi.png'.
[2026-09-21 10:51:44] [manbi <1856d14a-e310-3b47-a895-212fc2bb1b50> (CloakPlus)/DEBUG] [CustomSkinLoader Core]: Try to request 'http://161.35.130.99/capes/manbi.png'.
[2026-09-21 10:51:44] [manbi <1856d14a-e310-3b47-a895-212fc2bb1b50> (SkinMe)/DEBUG] [CustomSkinLoader Core]: Failed to request http://www.skinme.cc/uniskin/manbi.json (Exception: java.net.UnknownHostException: www.skinme.cc)
[2026-09-21 10:51:44] [manbi <1856d14a-e310-3b47-a895-212fc2bb1b50> (SkinMe)/INFO] [CustomSkinLoader Core]: Profile not found.
[2026-09-21 10:51:44] [manbi <1856d14a-e310-3b47-a895-212fc2bb1b50> (TLauncher)/DEBUG] [CustomSkinLoader Core]: Try to request 'https://auth.tlauncher.org/skin/profile/texture/login/manbi'.
[2026-09-21 10:51:44] [meiiie <c2f8e66a-f984-3dc1-ab9f-549c97dc40cd> (Cosmetica)/DEBUG] [CustomSkinLoader Core]: Failed to request https://api.mojang.com/profiles/minecraft (Exception: javax.net.ssl.SSLHandshakeException: (certificate_unknown) PKIX path building failed: sun.security.provider.certpath.SunCertPathBuilderException: unable to find valid certification path to requested target)
[2026-09-21 10:51:44] [meiiie <c2f8e66a-f984-3dc1-ab9f-549c97dc40cd> (Cosmetica)/INFO] [CustomSkinLoader Core]: No texture could be found.
[2026-09-21 10:51:44] [manbi <1856d14a-e310-3b47-a895-212fc2bb1b50> (Mojang)/DEBUG] [CustomSkinLoader Core]: Failed to request https://api.mojang.com/profiles/minecraft (Exception: javax.net.ssl.SSLHandshakeException: (certificate_unknown) PKIX path building failed: sun.security.provider.certpath.SunCertPathBuilderException: unable to find valid certification path to requested target)
[2026-09-21 10:51:44] [manbi <1856d14a-e310-3b47-a895-212fc2bb1b50> (Mojang)/INFO] [CustomSkinLoader Core]: Profile not found.(manbi's profile not found.)
[2026-09-21 10:51:44] [manbi <1856d14a-e310-3b47-a895-212fc2bb1b50> (MinecraftCapes)/DEBUG] [CustomSkinLoader Core]: Try to request 'https://api.mojang.com/profiles/minecraft'.
[2026-09-21 10:51:44] [manbi <1856d14a-e310-3b47-a895-212fc2bb1b50> (MinecraftCapes)/INFO] [CustomSkinLoader Core]: Payload: ["manbi"]
[2026-09-21 10:51:44] [manbi <1856d14a-e310-3b47-a895-212fc2bb1b50> (MinecraftCapes)/DEBUG] [CustomSkinLoader Core]: Failed to request https://api.mojang.com/profiles/minecraft (Exception: javax.net.ssl.SSLHandshakeException: (certificate_unknown) PKIX path building failed: sun.security.provider.certpath.SunCertPathBuilderException: unable to find valid certification path to requested target)
[2026-09-21 10:51:44] [manbi <1856d14a-e310-3b47-a895-212fc2bb1b50> (MinecraftCapes)/INFO] [CustomSkinLoader Core]: Profile url not found.
[2026-09-21 10:51:44] [manbi <1856d14a-e310-3b47-a895-212fc2bb1b50> (Wynntils)/DEBUG] [CustomSkinLoader Core]: Try to request 'https://api.mojang.com/profiles/minecraft'.
[2026-09-21 10:51:44] [manbi <1856d14a-e310-3b47-a895-212fc2bb1b50> (Wynntils)/INFO] [CustomSkinLoader Core]: Payload: ["manbi"]
[2026-09-21 10:51:44] [manbi <1856d14a-e310-3b47-a895-212fc2bb1b50> (Wynntils)/DEBUG] [CustomSkinLoader Core]: Failed to request https://api.mojang.com/profiles/minecraft (Exception: javax.net.ssl.SSLHandshakeException: (certificate_unknown) PKIX path building failed: sun.security.provider.certpath.SunCertPathBuilderException: unable to find valid certification path to requested target)
[2026-09-21 10:51:44] [manbi <1856d14a-e310-3b47-a895-212fc2bb1b50> (Wynntils)/INFO] [CustomSkinLoader Core]: Profile not found.
[2026-09-21 10:51:44] [manbi <1856d14a-e310-3b47-a895-212fc2bb1b50> (Cosmetica)/DEBUG] [CustomSkinLoader Core]: Try to request 'https://api.mojang.com/profiles/minecraft'.
[2026-09-21 10:51:44] [manbi <1856d14a-e310-3b47-a895-212fc2bb1b50> (Cosmetica)/INFO] [CustomSkinLoader Core]: Payload: ["manbi"]
[2026-09-21 10:51:44] [UsBel <94b8426d-5796-3361-9d92-8bf997099d92> (OptiFine)/DEBUG] [CustomSkinLoader Core]: Failed to request (Response Code: 404)
[2026-09-21 10:51:44] [UsBel <94b8426d-5796-3361-9d92-8bf997099d92> (OptiFine)/INFO] [CustomSkinLoader Core]: No texture could be found.
[2026-09-21 10:51:44] [manbi <1856d14a-e310-3b47-a895-212fc2bb1b50> (Cosmetica)/DEBUG] [CustomSkinLoader Core]: Failed to request https://api.mojang.com/profiles/minecraft (Exception: javax.net.ssl.SSLHandshakeException: (certificate_unknown) PKIX path building failed: sun.security.provider.certpath.SunCertPathBuilderException: unable to find valid certification path to requested target)
[2026-09-21 10:51:44] [manbi <1856d14a-e310-3b47-a895-212fc2bb1b50> (Cosmetica)/INFO] [CustomSkinLoader Core]: No texture could be found.
[2026-09-21 10:51:44] [manbi <1856d14a-e310-3b47-a895-212fc2bb1b50> (LittleSkin)/DEBUG] [CustomSkinLoader Core]: Successfully request (Response Code: 200 , Content Length: 57)
[2026-09-21 10:51:44] [manbi <1856d14a-e310-3b47-a895-212fc2bb1b50> (LittleSkin)/DEBUG] [CustomSkinLoader Core]: Saved to cache (Length: 57 , Path: 'D:\Downloads\PBlossom-梨花与落客户端\.minecraft\versions\26.1.2-Fabric 0.19.5\CustomSkinLoader\caches\f9f7e506069e9e2303eb60d40893b93b489909d2' , Expire: 1789959199)
[2026-09-21 10:51:44] [manbi <1856d14a-e310-3b47-a895-212fc2bb1b50> (LittleSkin)/DEBUG] [CustomSkinLoader Core]: Content: {"username":"manbi","skins":{"default":null},"cape":null}
[2026-09-21 10:51:44] [manbi <1856d14a-e310-3b47-a895-212fc2bb1b50> (LittleSkin)/INFO] [CustomSkinLoader Core]: Both skin and cape not found.
[2026-09-21 10:51:44] [meiiie <c2f8e66a-f984-3dc1-ab9f-549c97dc40cd> (LittleSkin)/DEBUG] [CustomSkinLoader Core]: Successfully request (Response Code: 200 , Content Length: 182)
[2026-09-21 10:51:44] [meiiie <c2f8e66a-f984-3dc1-ab9f-549c97dc40cd> (LittleSkin)/DEBUG] [CustomSkinLoader Core]: Saved to cache (Length: 182 , Path: 'D:\Downloads\PBlossom-梨花与落客户端\.minecraft\versions\26.1.2-Fabric 0.19.5\CustomSkinLoader\caches\28f3b769b4c2f522e6a941e8ce371d123c26ad3d' , Expire: 1789959196)
[2026-09-21 10:51:44] [meiiie <c2f8e66a-f984-3dc1-ab9f-549c97dc40cd> (LittleSkin)/DEBUG] [CustomSkinLoader Core]: Content: {"username":"meiiie","skins":{"default":"437b021e625417794597c53bd5f2357897c2864d0a4c775afe7bc4dd9caa3c2f"},"cape":"18761bb7a999e98d19bf01e65a161d90c0a918ed46d1b9c68e2940d90d62f078"}
[2026-09-21 10:51:44] [meiiie <c2f8e66a-f984-3dc1-ab9f-549c97dc40cd>/INFO] [CustomSkinLoader Core]: meiiie's profile loaded. (253ms)
[2026-09-21 10:51:44] [meiiie <c2f8e66a-f984-3dc1-ab9f-549c97dc40cd>/INFO] [CustomSkinLoader Core]: (SkinUrl: https://littleskin.cn/csl/textures/437b021e625417794597c53bd5f2357897c2864d0a4c775afe7bc4dd9caa3c2f , Model: default , CapeUrl: https://littleskin.cn/csl/textures/18761bb7a999e98d19bf01e65a161d90c0a918ed46d1b9c68e2940d90d62f078  , Expiry: 1789959134)
[2026-09-21 10:51:44] [manbi <1856d14a-e310-3b47-a895-212fc2bb1b50> (ElyBy)/DEBUG] [CustomSkinLoader Core]: Successfully request (Response Code: 204 , Content Length: -1)
[2026-09-21 10:51:44] [manbi <1856d14a-e310-3b47-a895-212fc2bb1b50> (ElyBy)/DEBUG] [CustomSkinLoader Core]: Saved to cache (Length: 0 , Path: 'D:\Downloads\PBlossom-梨花与落客户端\.minecraft\versions\26.1.2-Fabric 0.19.5\CustomSkinLoader\caches\4b7fde9be69e3f594b70755b5276bbb21b496283' , Expire: 1789962707)
[2026-09-21 10:51:44] [manbi <1856d14a-e310-3b47-a895-212fc2bb1b50> (ElyBy)/DEBUG] [CustomSkinLoader Core]: Content: 
[2026-09-21 10:51:44] [manbi <1856d14a-e310-3b47-a895-212fc2bb1b50> (ElyBy)/INFO] [CustomSkinLoader Core]: Profile not found.
[2026-09-21 10:51:44] [meiiie <c2f8e66a-f984-3dc1-ab9f-549c97dc40cd> (TLauncher)/DEBUG] [CustomSkinLoader Core]: Successfully request (Response Code: 200 , Content Length: -1)
[2026-09-21 10:51:44] [meiiie <c2f8e66a-f984-3dc1-ab9f-549c97dc40cd> (TLauncher)/DEBUG] [CustomSkinLoader Core]: Saved to cache (Length: 2 , Path: 'D:\Downloads\PBlossom-梨花与落客户端\.minecraft\versions\26.1.2-Fabric 0.19.5\CustomSkinLoader\caches\0a95a773430b3009f9afe46d1ff1ea33c35e0c46' , Expire: 1789959198)
[2026-09-21 10:51:44] [meiiie <c2f8e66a-f984-3dc1-ab9f-549c97dc40cd> (TLauncher)/DEBUG] [CustomSkinLoader Core]: Content: {}
[2026-09-21 10:51:44] [meiiie <c2f8e66a-f984-3dc1-ab9f-549c97dc40cd> (TLauncher)/INFO] [CustomSkinLoader Core]: Both skin and cape not found.
[2026-09-21 10:51:44] [manbi <1856d14a-e310-3b47-a895-212fc2bb1b50> (BlessingSkin)/DEBUG] [CustomSkinLoader Core]: Failed to request (Response Code: 404)
[2026-09-21 10:51:44] [manbi <1856d14a-e310-3b47-a895-212fc2bb1b50> (BlessingSkin)/INFO] [CustomSkinLoader Core]: Profile not found.
[2026-09-21 10:51:44] [meiiie <c2f8e66a-f984-3dc1-ab9f-549c97dc40cd> (CloakPlus)/DEBUG] [CustomSkinLoader Core]: Failed to request (Response Code: 502)
[2026-09-21 10:51:44] [meiiie <c2f8e66a-f984-3dc1-ab9f-549c97dc40cd> (CloakPlus)/INFO] [CustomSkinLoader Core]: No texture could be found.
[2026-09-21 10:51:44] [manbi <1856d14a-e310-3b47-a895-212fc2bb1b50> (CloakPlus)/DEBUG] [CustomSkinLoader Core]: Failed to request (Response Code: 502)
[2026-09-21 10:51:44] [manbi <1856d14a-e310-3b47-a895-212fc2bb1b50> (CloakPlus)/INFO] [CustomSkinLoader Core]: No texture could be found.
[2026-09-21 10:51:44] [meiiie <c2f8e66a-f984-3dc1-ab9f-549c97dc40cd> (ElyBy)/DEBUG] [CustomSkinLoader Core]: Successfully request (Response Code: 204 , Content Length: -1)
[2026-09-21 10:51:44] [meiiie <c2f8e66a-f984-3dc1-ab9f-549c97dc40cd> (ElyBy)/DEBUG] [CustomSkinLoader Core]: Saved to cache (Length: 0 , Path: 'D:\Downloads\PBlossom-梨花与落客户端\.minecraft\versions\26.1.2-Fabric 0.19.5\CustomSkinLoader\caches\023d422b748f7aefaac875ce8e81079894209d7c' , Expire: 1789962706)
[2026-09-21 10:51:44] [meiiie <c2f8e66a-f984-3dc1-ab9f-549c97dc40cd> (ElyBy)/DEBUG] [CustomSkinLoader Core]: Content: 
[2026-09-21 10:51:44] [meiiie <c2f8e66a-f984-3dc1-ab9f-549c97dc40cd> (ElyBy)/INFO] [CustomSkinLoader Core]: Profile not found.
[2026-09-21 10:51:44] [meiiie <c2f8e66a-f984-3dc1-ab9f-549c97dc40cd> (GlitchlessGames)/DEBUG] [CustomSkinLoader Core]: Failed to request (Response Code: 404)
[2026-09-21 10:51:44] [meiiie <c2f8e66a-f984-3dc1-ab9f-549c97dc40cd> (GlitchlessGames)/INFO] [CustomSkinLoader Core]: Profile not found.
[2026-09-21 10:51:44] [manbi <1856d14a-e310-3b47-a895-212fc2bb1b50> (GlitchlessGames)/DEBUG] [CustomSkinLoader Core]: Failed to request (Response Code: 404)
[2026-09-21 10:51:44] [manbi <1856d14a-e310-3b47-a895-212fc2bb1b50> (GlitchlessGames)/INFO] [CustomSkinLoader Core]: Profile not found.
[2026-09-21 10:51:44] [manbi <1856d14a-e310-3b47-a895-212fc2bb1b50> (TLauncher)/DEBUG] [CustomSkinLoader Core]: Successfully request (Response Code: 200 , Content Length: -1)
[2026-09-21 10:51:44] [manbi <1856d14a-e310-3b47-a895-212fc2bb1b50> (TLauncher)/DEBUG] [CustomSkinLoader Core]: Saved to cache (Length: 82 , Path: 'D:\Downloads\PBlossom-梨花与落客户端\.minecraft\versions\26.1.2-Fabric 0.19.5\CustomSkinLoader\caches\106fa1499a013eb2c3e7bafe2bc0d62bf98deacb' , Expire: 1789959194)
[2026-09-21 10:51:44] [manbi <1856d14a-e310-3b47-a895-212fc2bb1b50> (TLauncher)/DEBUG] [CustomSkinLoader Core]: Content: {"SKIN":{"url":"http://auth.tlauncher.org/skin/fileservice/skins/skin_manbi.png"}}
[2026-09-21 10:51:45] [meiiie <c2f8e66a-f984-3dc1-ab9f-549c97dc40cd> (OptiFine)/DEBUG] [CustomSkinLoader Core]: Failed to request (Response Code: 404)
[2026-09-21 10:51:45] [meiiie <c2f8e66a-f984-3dc1-ab9f-549c97dc40cd> (OptiFine)/INFO] [CustomSkinLoader Core]: No texture could be found.
[2026-09-21 10:51:46] [meiiie <c2f8e66a-f984-3dc1-ab9f-549c97dc40cd> (BlessingSkin)/DEBUG] [CustomSkinLoader Core]: Failed to request (Response Code: 404)
[2026-09-21 10:51:46] [meiiie <c2f8e66a-f984-3dc1-ab9f-549c97dc40cd> (BlessingSkin)/INFO] [CustomSkinLoader Core]: Profile not found.
[2026-09-21 10:51:48] [manbi <1856d14a-e310-3b47-a895-212fc2bb1b50> (OptiFine)/DEBUG] [CustomSkinLoader Core]: Successfully request (Response Code: 200 , Content Length: 616)
[2026-09-21 10:51:48] [manbi <1856d14a-e310-3b47-a895-212fc2bb1b50> (OptiFine)/DEBUG] [CustomSkinLoader Core]: Saved to cache (Length: 616 , Path: 'D:\Downloads\PBlossom-梨花与落客户端\.minecraft\versions\26.1.2-Fabric 0.19.5\CustomSkinLoader\caches\eaa03f139f86f4c678d00a28ba35b3dfbe3636c8' , Expire: 1789959712)
[2026-09-21 10:51:48] [manbi <1856d14a-e310-3b47-a895-212fc2bb1b50>/INFO] [CustomSkinLoader Core]: manbi's profile loaded. (4544ms)
[2026-09-21 10:51:48] [manbi <1856d14a-e310-3b47-a895-212fc2bb1b50>/INFO] [CustomSkinLoader Core]: (SkinUrl: http://auth.tlauncher.org/skin/fileservice/skins/skin_manbi.png , Model: default , CapeUrl: (LEGACY)https://optifine.net/capes/manbi.png  , Expiry: 1789959138)
[2026-09-21 10:55:23] [CiYuanJiuJiu <47d6cdd9-e0c9-39e2-ba1e-dcf8608d77e4>/INFO] [CustomSkinLoader Core]: Loading CiYuanJiuJiu's profile.
[2026-09-21 10:55:23] [CiYuanJiuJiu <47d6cdd9-e0c9-39e2-ba1e-dcf8608d77e4>/INFO] [CustomSkinLoader Core]: 1/14 Try to load profile from 'LittleSkin'.
[2026-09-21 10:55:23] [CiYuanJiuJiu <47d6cdd9-e0c9-39e2-ba1e-dcf8608d77e4>/INFO] [CustomSkinLoader Core]: 2/14 Try to load profile from 'GameProfile'.
[2026-09-21 10:55:23] [CiYuanJiuJiu <47d6cdd9-e0c9-39e2-ba1e-dcf8608d77e4>/INFO] [CustomSkinLoader Core]: 3/14 Try to load profile from 'Mojang'.
[2026-09-21 10:55:23] [CiYuanJiuJiu <47d6cdd9-e0c9-39e2-ba1e-dcf8608d77e4>/INFO] [CustomSkinLoader Core]: 4/14 Try to load profile from 'BlessingSkin'.
[2026-09-21 10:55:23] [CiYuanJiuJiu <47d6cdd9-e0c9-39e2-ba1e-dcf8608d77e4>/INFO] [CustomSkinLoader Core]: 5/14 Try to load profile from 'ElyBy'.
[2026-09-21 10:55:23] [CiYuanJiuJiu <47d6cdd9-e0c9-39e2-ba1e-dcf8608d77e4>/INFO] [CustomSkinLoader Core]: 6/14 Try to load profile from 'SkinMe'.
[2026-09-21 10:55:23] [CiYuanJiuJiu <47d6cdd9-e0c9-39e2-ba1e-dcf8608d77e4>/INFO] [CustomSkinLoader Core]: 7/14 Try to load profile from 'TLauncher'.
[2026-09-21 10:55:23] [CiYuanJiuJiu <47d6cdd9-e0c9-39e2-ba1e-dcf8608d77e4>/INFO] [CustomSkinLoader Core]: 8/14 Try to load profile from 'GlitchlessGames'.
[2026-09-21 10:55:23] [CiYuanJiuJiu <47d6cdd9-e0c9-39e2-ba1e-dcf8608d77e4>/INFO] [CustomSkinLoader Core]: 9/14 Try to load profile from 'LocalSkin'.
[2026-09-21 10:55:23] [CiYuanJiuJiu <47d6cdd9-e0c9-39e2-ba1e-dcf8608d77e4>/INFO] [CustomSkinLoader Core]: 10/14 Try to load profile from 'MinecraftCapes'.
[2026-09-21 10:55:23] [CiYuanJiuJiu <47d6cdd9-e0c9-39e2-ba1e-dcf8608d77e4>/INFO] [CustomSkinLoader Core]: 11/14 Try to load profile from 'OptiFine'.
[2026-09-21 10:55:23] [CiYuanJiuJiu <47d6cdd9-e0c9-39e2-ba1e-dcf8608d77e4>/INFO] [CustomSkinLoader Core]: 12/14 Try to load profile from 'Wynntils'.
[2026-09-21 10:55:23] [CiYuanJiuJiu <47d6cdd9-e0c9-39e2-ba1e-dcf8608d77e4>/INFO] [CustomSkinLoader Core]: 13/14 Try to load profile from 'CloakPlus'.
[2026-09-21 10:55:23] [CiYuanJiuJiu <47d6cdd9-e0c9-39e2-ba1e-dcf8608d77e4>/INFO] [CustomSkinLoader Core]: 14/14 Try to load profile from 'Cosmetica'.
[2026-09-21 10:55:23] [CiYuanJiuJiu <47d6cdd9-e0c9-39e2-ba1e-dcf8608d77e4> (LittleSkin)/DEBUG] [CustomSkinLoader Core]: Try to request 'https://littleskin.cn/csl/CiYuanJiuJiu.json'.
[2026-09-21 10:55:23] [CiYuanJiuJiu <47d6cdd9-e0c9-39e2-ba1e-dcf8608d77e4> (GameProfile)/INFO] [CustomSkinLoader Core]: Profile not found.
[2026-09-21 10:55:23] [CiYuanJiuJiu <47d6cdd9-e0c9-39e2-ba1e-dcf8608d77e4> (Mojang)/DEBUG] [CustomSkinLoader Core]: Try to request 'https://api.mojang.com/profiles/minecraft'.
[2026-09-21 10:55:23] [CiYuanJiuJiu <47d6cdd9-e0c9-39e2-ba1e-dcf8608d77e4> (BlessingSkin)/DEBUG] [CustomSkinLoader Core]: Try to request 'https://skin.prinzeugen.net/CiYuanJiuJiu.json'.
[2026-09-21 10:55:23] [CiYuanJiuJiu <47d6cdd9-e0c9-39e2-ba1e-dcf8608d77e4> (Mojang)/INFO] [CustomSkinLoader Core]: Payload: ["CiYuanJiuJiu"]
[2026-09-21 10:55:23] [CiYuanJiuJiu <47d6cdd9-e0c9-39e2-ba1e-dcf8608d77e4> (ElyBy)/DEBUG] [CustomSkinLoader Core]: Try to request 'http://skinsystem.ely.by/textures/CiYuanJiuJiu'.
[2026-09-21 10:55:23] [CiYuanJiuJiu <47d6cdd9-e0c9-39e2-ba1e-dcf8608d77e4> (TLauncher)/DEBUG] [CustomSkinLoader Core]: Try to request 'https://auth.tlauncher.org/skin/profile/texture/login/CiYuanJiuJiu'.
[2026-09-21 10:55:23] [CiYuanJiuJiu <47d6cdd9-e0c9-39e2-ba1e-dcf8608d77e4> (SkinMe)/DEBUG] [CustomSkinLoader Core]: Try to request 'http://www.skinme.cc/uniskin/CiYuanJiuJiu.json'.
[2026-09-21 10:55:23] [CiYuanJiuJiu <47d6cdd9-e0c9-39e2-ba1e-dcf8608d77e4> (ElyBy)/DEBUG] [CustomSkinLoader Core]: Cache file found (Length: 0 , Path: 'D:\Downloads\PBlossom-梨花与落客户端\.minecraft\versions\26.1.2-Fabric 0.19.5\CustomSkinLoader\caches\838614a2f31b5f10a140f0e723f187fbb58d0475' , Expire: 1789962700)
[2026-09-21 10:55:23] [CiYuanJiuJiu <47d6cdd9-e0c9-39e2-ba1e-dcf8608d77e4> (ElyBy)/INFO] [CustomSkinLoader Core]: Try to load from cache 'D:\Downloads\PBlossom-梨花与落客户端\.minecraft\versions\26.1.2-Fabric 0.19.5\CustomSkinLoader\caches\838614a2f31b5f10a140f0e723f187fbb58d0475'.
[2026-09-21 10:55:23] [CiYuanJiuJiu <47d6cdd9-e0c9-39e2-ba1e-dcf8608d77e4> (ElyBy)/DEBUG] [CustomSkinLoader Core]: Successfully load from cache
[2026-09-21 10:55:23] [CiYuanJiuJiu <47d6cdd9-e0c9-39e2-ba1e-dcf8608d77e4> (ElyBy)/DEBUG] [CustomSkinLoader Core]: Content: 
[2026-09-21 10:55:23] [CiYuanJiuJiu <47d6cdd9-e0c9-39e2-ba1e-dcf8608d77e4> (ElyBy)/INFO] [CustomSkinLoader Core]: Profile not found.
[2026-09-21 10:55:23] [CiYuanJiuJiu <47d6cdd9-e0c9-39e2-ba1e-dcf8608d77e4> (GlitchlessGames)/DEBUG] [CustomSkinLoader Core]: Try to request 'https://games.glitchless.ru/api/minecraft/users/profiles/textures/?nickname=CiYuanJiuJiu'.
[2026-09-21 10:55:23] [CiYuanJiuJiu <47d6cdd9-e0c9-39e2-ba1e-dcf8608d77e4> (LocalSkin)/INFO] [CustomSkinLoader Core]: No texture could be found.
[2026-09-21 10:55:23] [CiYuanJiuJiu <47d6cdd9-e0c9-39e2-ba1e-dcf8608d77e4> (OptiFine)/DEBUG] [CustomSkinLoader Core]: Try to request 'https://optifine.net/capes/CiYuanJiuJiu.png'.
[2026-09-21 10:55:23] [CiYuanJiuJiu <47d6cdd9-e0c9-39e2-ba1e-dcf8608d77e4> (CloakPlus)/DEBUG] [CustomSkinLoader Core]: Try to request 'http://161.35.130.99/capes/CiYuanJiuJiu.png'.
[2026-09-21 10:55:23] [CiYuanJiuJiu <47d6cdd9-e0c9-39e2-ba1e-dcf8608d77e4> (SkinMe)/DEBUG] [CustomSkinLoader Core]: Failed to request http://www.skinme.cc/uniskin/CiYuanJiuJiu.json (Exception: java.net.UnknownHostException: www.skinme.cc)
[2026-09-21 10:55:23] [CiYuanJiuJiu <47d6cdd9-e0c9-39e2-ba1e-dcf8608d77e4> (SkinMe)/INFO] [CustomSkinLoader Core]: Profile not found.
[2026-09-21 10:55:23] [CiYuanJiuJiu <47d6cdd9-e0c9-39e2-ba1e-dcf8608d77e4> (Mojang)/DEBUG] [CustomSkinLoader Core]: Failed to request https://api.mojang.com/profiles/minecraft (Exception: javax.net.ssl.SSLHandshakeException: (certificate_unknown) PKIX path building failed: sun.security.provider.certpath.SunCertPathBuilderException: unable to find valid certification path to requested target)
[2026-09-21 10:55:23] [CiYuanJiuJiu <47d6cdd9-e0c9-39e2-ba1e-dcf8608d77e4> (Mojang)/INFO] [CustomSkinLoader Core]: Profile not found.(CiYuanJiuJiu's profile not found.)
[2026-09-21 10:55:23] [CiYuanJiuJiu <47d6cdd9-e0c9-39e2-ba1e-dcf8608d77e4> (MinecraftCapes)/DEBUG] [CustomSkinLoader Core]: Try to request 'https://api.mojang.com/profiles/minecraft'.
[2026-09-21 10:55:23] [CiYuanJiuJiu <47d6cdd9-e0c9-39e2-ba1e-dcf8608d77e4> (MinecraftCapes)/INFO] [CustomSkinLoader Core]: Payload: ["CiYuanJiuJiu"]
[2026-09-21 10:55:23] [CiYuanJiuJiu <47d6cdd9-e0c9-39e2-ba1e-dcf8608d77e4> (MinecraftCapes)/DEBUG] [CustomSkinLoader Core]: Failed to request https://api.mojang.com/profiles/minecraft (Exception: javax.net.ssl.SSLHandshakeException: (certificate_unknown) PKIX path building failed: sun.security.provider.certpath.SunCertPathBuilderException: unable to find valid certification path to requested target)
[2026-09-21 10:55:23] [CiYuanJiuJiu <47d6cdd9-e0c9-39e2-ba1e-dcf8608d77e4> (MinecraftCapes)/INFO] [CustomSkinLoader Core]: Profile url not found.
[2026-09-21 10:55:23] [CiYuanJiuJiu <47d6cdd9-e0c9-39e2-ba1e-dcf8608d77e4> (Wynntils)/DEBUG] [CustomSkinLoader Core]: Try to request 'https://api.mojang.com/profiles/minecraft'.
[2026-09-21 10:55:23] [CiYuanJiuJiu <47d6cdd9-e0c9-39e2-ba1e-dcf8608d77e4> (Wynntils)/INFO] [CustomSkinLoader Core]: Payload: ["CiYuanJiuJiu"]
[2026-09-21 10:55:23] [CiYuanJiuJiu <47d6cdd9-e0c9-39e2-ba1e-dcf8608d77e4> (Wynntils)/DEBUG] [CustomSkinLoader Core]: Failed to request https://api.mojang.com/profiles/minecraft (Exception: javax.net.ssl.SSLHandshakeException: (certificate_unknown) PKIX path building failed: sun.security.provider.certpath.SunCertPathBuilderException: unable to find valid certification path to requested target)
[2026-09-21 10:55:23] [CiYuanJiuJiu <47d6cdd9-e0c9-39e2-ba1e-dcf8608d77e4> (Wynntils)/INFO] [CustomSkinLoader Core]: Profile not found.
[2026-09-21 10:55:23] [CiYuanJiuJiu <47d6cdd9-e0c9-39e2-ba1e-dcf8608d77e4> (Cosmetica)/DEBUG] [CustomSkinLoader Core]: Try to request 'https://api.mojang.com/profiles/minecraft'.
[2026-09-21 10:55:23] [CiYuanJiuJiu <47d6cdd9-e0c9-39e2-ba1e-dcf8608d77e4> (Cosmetica)/INFO] [CustomSkinLoader Core]: Payload: ["CiYuanJiuJiu"]
[2026-09-21 10:55:23] [CiYuanJiuJiu <47d6cdd9-e0c9-39e2-ba1e-dcf8608d77e4> (Cosmetica)/DEBUG] [CustomSkinLoader Core]: Failed to request https://api.mojang.com/profiles/minecraft (Exception: javax.net.ssl.SSLHandshakeException: (certificate_unknown) PKIX path building failed: sun.security.provider.certpath.SunCertPathBuilderException: unable to find valid certification path to requested target)
[2026-09-21 10:55:23] [CiYuanJiuJiu <47d6cdd9-e0c9-39e2-ba1e-dcf8608d77e4> (Cosmetica)/INFO] [CustomSkinLoader Core]: No texture could be found.
[2026-09-21 10:55:23] [CiYuanJiuJiu <47d6cdd9-e0c9-39e2-ba1e-dcf8608d77e4> (LittleSkin)/DEBUG] [CustomSkinLoader Core]: Successfully request (Response Code: 200 , Content Length: 185)
[2026-09-21 10:55:23] [CiYuanJiuJiu <47d6cdd9-e0c9-39e2-ba1e-dcf8608d77e4> (LittleSkin)/DEBUG] [CustomSkinLoader Core]: Saved to cache (Length: 185 , Path: 'D:\Downloads\PBlossom-梨花与落客户端\.minecraft\versions\26.1.2-Fabric 0.19.5\CustomSkinLoader\caches\d2e48fc0e7ee2c5e109f3574e6958837cd0b97f4' , Expire: 1789959417)
[2026-09-21 10:55:23] [CiYuanJiuJiu <47d6cdd9-e0c9-39e2-ba1e-dcf8608d77e4> (LittleSkin)/DEBUG] [CustomSkinLoader Core]: Content: {"username":"CiYuanJiuJiu","skins":{"slim":"adb437a69a12ec6e6406bede7b81c6d37fcc18452b955f09e5ba27698da9f481"},"cape":"b562fb3b25be80f78a902eb33a1e020525a07c673c3e7e6b8cf716b1e4bc60ea"}
[2026-09-21 10:55:23] [CiYuanJiuJiu <47d6cdd9-e0c9-39e2-ba1e-dcf8608d77e4>/INFO] [CustomSkinLoader Core]: CiYuanJiuJiu's profile loaded. (91ms)
[2026-09-21 10:55:23] [CiYuanJiuJiu <47d6cdd9-e0c9-39e2-ba1e-dcf8608d77e4>/INFO] [CustomSkinLoader Core]: (SkinUrl: https://littleskin.cn/csl/textures/adb437a69a12ec6e6406bede7b81c6d37fcc18452b955f09e5ba27698da9f481 , Model: slim , CapeUrl: https://littleskin.cn/csl/textures/b562fb3b25be80f78a902eb33a1e020525a07c673c3e7e6b8cf716b1e4bc60ea  , Expiry: 1789959353)
[2026-09-21 10:55:24] [CiYuanJiuJiu <47d6cdd9-e0c9-39e2-ba1e-dcf8608d77e4> (CloakPlus)/DEBUG] [CustomSkinLoader Core]: Failed to request (Response Code: 502)
[2026-09-21 10:55:24] [CiYuanJiuJiu <47d6cdd9-e0c9-39e2-ba1e-dcf8608d77e4> (CloakPlus)/INFO] [CustomSkinLoader Core]: No texture could be found.
[2026-09-21 10:55:24] [CiYuanJiuJiu <47d6cdd9-e0c9-39e2-ba1e-dcf8608d77e4> (BlessingSkin)/DEBUG] [CustomSkinLoader Core]: Failed to request (Response Code: 404)
[2026-09-21 10:55:24] [CiYuanJiuJiu <47d6cdd9-e0c9-39e2-ba1e-dcf8608d77e4> (BlessingSkin)/INFO] [CustomSkinLoader Core]: Profile not found.
[2026-09-21 10:55:24] [CiYuanJiuJiu <47d6cdd9-e0c9-39e2-ba1e-dcf8608d77e4> (GlitchlessGames)/DEBUG] [CustomSkinLoader Core]: Failed to request (Response Code: 404)
[2026-09-21 10:55:24] [CiYuanJiuJiu <47d6cdd9-e0c9-39e2-ba1e-dcf8608d77e4> (GlitchlessGames)/INFO] [CustomSkinLoader Core]: Profile not found.
[2026-09-21 10:55:24] [CiYuanJiuJiu <47d6cdd9-e0c9-39e2-ba1e-dcf8608d77e4> (TLauncher)/DEBUG] [CustomSkinLoader Core]: Successfully request (Response Code: 200 , Content Length: -1)
[2026-09-21 10:55:24] [CiYuanJiuJiu <47d6cdd9-e0c9-39e2-ba1e-dcf8608d77e4> (TLauncher)/DEBUG] [CustomSkinLoader Core]: Saved to cache (Length: 2 , Path: 'D:\Downloads\PBlossom-梨花与落客户端\.minecraft\versions\26.1.2-Fabric 0.19.5\CustomSkinLoader\caches\3217626a9f3be6e496ff696930a47bef06b4684a' , Expire: 1789959418)
[2026-09-21 10:55:24] [CiYuanJiuJiu <47d6cdd9-e0c9-39e2-ba1e-dcf8608d77e4> (TLauncher)/DEBUG] [CustomSkinLoader Core]: Content: {}
[2026-09-21 10:55:24] [CiYuanJiuJiu <47d6cdd9-e0c9-39e2-ba1e-dcf8608d77e4> (TLauncher)/INFO] [CustomSkinLoader Core]: Both skin and cape not found.
[2026-09-21 10:55:26] [CiYuanJiuJiu <47d6cdd9-e0c9-39e2-ba1e-dcf8608d77e4> (OptiFine)/DEBUG] [CustomSkinLoader Core]: Failed to request (Response Code: 404)
[2026-09-21 10:55:26] [CiYuanJiuJiu <47d6cdd9-e0c9-39e2-ba1e-dcf8608d77e4> (OptiFine)/INFO] [CustomSkinLoader Core]: No texture could be found.
